// Jest Snapshot v1, https://goo.gl/fbAQLP

exports[`<TransactionConfirmation /> should render EVMc withdraw variant component 1`] = `
.c0 {
  display: -webkit-box;
  display: -webkit-flex;
  display: -ms-flexbox;
  display: flex;
  box-sizing: border-box;
  max-width: 100%;
  margin-bottom: 48px;
  min-width: 0;
  min-height: 0;
  -webkit-flex-direction: column;
  -ms-flex-direction: column;
  flex-direction: column;
}

.c1 {
  font-size: 18px;
  line-height: 24px;
  text-align: center;
}

@media only screen and (max-width:768px) {
  .c0 {
    margin-bottom: 24px;
  }
}

@media only screen and (max-width:768px) {

}

@media only screen and (max-width:768px) {

}

@media only screen and (max-width:768px) {

}

@media only screen and (max-width:768px) {

}

@media only screen and (max-width:768px) {

}

@media only screen and (max-width:768px) {

}

@media only screen and (max-width:768px) {

}

@media only screen and (max-width:768px) {

}

@media only screen and (max-width:768px) {

}

<div
  class="c0"
  data-testid="paraTime-content-description"
  style="max-width: 550px;"
>
  <span
    class="c1"
  >
    You are about to transfer 
    <strong>
      10 ROSE
    </strong>
     tokens from the withdrawing wallet on the 
    <strong>
      Emerald
    </strong>
     (EVMc) ParaTime: 
    <strong>
      dummyAddress
    </strong>
  </span>
</div>
`;

exports[`<TransactionConfirmation /> should render component 1`] = `
.c0 {
  display: -webkit-box;
  display: -webkit-flex;
  display: -ms-flexbox;
  display: flex;
  box-sizing: border-box;
  max-width: 100%;
  -webkit-align-items: center;
  -webkit-box-align: center;
  -ms-flex-align: center;
  align-items: center;
  min-width: 0;
  min-height: 0;
  -webkit-flex-direction: column;
  -ms-flex-direction: column;
  flex-direction: column;
}

.c2 {
  display: -webkit-box;
  display: -webkit-flex;
  display: -ms-flexbox;
  display: flex;
  box-sizing: border-box;
  max-width: 100%;
  margin-bottom: 48px;
  min-width: 0;
  min-height: 0;
  -webkit-flex-direction: column;
  -ms-flex-direction: column;
  flex-direction: column;
}

.c4 {
  display: -webkit-box;
  display: -webkit-flex;
  display: -ms-flexbox;
  display: flex;
  box-sizing: border-box;
  max-width: 100%;
  margin-bottom: 96px;
  -webkit-align-items: center;
  -webkit-box-align: center;
  -ms-flex-align: center;
  align-items: center;
  min-width: 0;
  min-height: 0;
  -webkit-flex-direction: column;
  -ms-flex-direction: column;
  flex-direction: column;
  width: 100%;
}

.c5 {
  display: -webkit-box;
  display: -webkit-flex;
  display: -ms-flexbox;
  display: flex;
  box-sizing: border-box;
  max-width: 100%;
  margin-bottom: 24px;
  min-width: 0;
  min-height: 0;
  -webkit-flex-direction: column;
  -ms-flex-direction: column;
  flex-direction: column;
}

.c7 {
  display: -webkit-box;
  display: -webkit-flex;
  display: -ms-flexbox;
  display: flex;
  box-sizing: border-box;
  max-width: 100%;
  margin-bottom: 12px;
  min-width: 0;
  min-height: 0;
  -webkit-flex-direction: column;
  -ms-flex-direction: column;
  flex-direction: column;
}

.c8 {
  display: -webkit-box;
  display: -webkit-flex;
  display: -ms-flexbox;
  display: flex;
  box-sizing: border-box;
  max-width: 100%;
  margin-bottom: 12px;
  min-width: 0;
  min-height: 0;
  -webkit-flex-direction: column;
  -ms-flex-direction: column;
  flex-direction: column;
}

.c9 {
  display: -webkit-box;
  display: -webkit-flex;
  display: -ms-flexbox;
  display: flex;
  box-sizing: border-box;
  max-width: 100%;
  border-bottom: solid 1px rgba(0,0,0,0.33);
  min-width: 0;
  min-height: 0;
  -webkit-flex-direction: column;
  -ms-flex-direction: column;
  flex-direction: column;
  padding: 12px;
}

.c11 {
  display: -webkit-box;
  display: -webkit-flex;
  display: -ms-flexbox;
  display: flex;
  box-sizing: border-box;
  max-width: 100%;
  margin-right: 12px;
  -webkit-align-items: center;
  -webkit-box-align: center;
  -ms-flex-align: center;
  align-items: center;
  min-width: 0;
  min-height: 0;
  -webkit-flex-direction: column;
  -ms-flex-direction: column;
  flex-direction: column;
  -webkit-box-pack: center;
  -webkit-justify-content: center;
  -ms-flex-pack: center;
  justify-content: center;
}

.c14 {
  display: -webkit-box;
  display: -webkit-flex;
  display: -ms-flexbox;
  display: flex;
  box-sizing: border-box;
  max-width: 100%;
  -webkit-align-items: center;
  -webkit-box-align: center;
  -ms-flex-align: center;
  align-items: center;
  border: solid 2px rgba(0,0,0,0.15);
  min-width: 0;
  min-height: 0;
  -webkit-flex-direction: column;
  -ms-flex-direction: column;
  flex-direction: column;
  height: 24px;
  width: 24px;
  -webkit-box-pack: center;
  -webkit-justify-content: center;
  -ms-flex-pack: center;
  justify-content: center;
  border-radius: 4px;
}

.c15 {
  display: -webkit-box;
  display: -webkit-flex;
  display: -ms-flexbox;
  display: flex;
  box-sizing: border-box;
  max-width: 100%;
  margin-bottom: 48px;
  -webkit-align-items: center;
  -webkit-box-align: center;
  -ms-flex-align: center;
  align-items: center;
  min-width: 0;
  min-height: 0;
  -webkit-flex-direction: column;
  -ms-flex-direction: column;
  flex-direction: column;
}

.c6 {
  -webkit-flex: 0 0 auto;
  -ms-flex: 0 0 auto;
  flex: 0 0 auto;
  -webkit-align-self: stretch;
  -ms-flex-item-align: stretch;
  align-self: stretch;
  height: 24px;
}

.c3 {
  font-size: 18px;
  line-height: 24px;
  text-align: center;
}

.c17 {
  font-size: 14px;
  line-height: 20px;
}

.c16 {
  display: inline-block;
  box-sizing: border-box;
  cursor: pointer;
  font: inherit;
  -webkit-text-decoration: none;
  text-decoration: none;
  margin: 0;
  background: transparent;
  overflow: visible;
  text-transform: none;
  border: 2px solid #7D4CDB;
  border-radius: 18px;
  color: #444444;
  padding: 4px 22px;
  font-size: 18px;
  line-height: 24px;
  background-color: #7D4CDB;
  color: #f8f8f8;
  border-radius: 18px;
  -webkit-transition-property: color,background-color,border-color,box-shadow;
  transition-property: color,background-color,border-color,box-shadow;
  -webkit-transition-duration: 0.1s;
  transition-duration: 0.1s;
  -webkit-transition-timing-function: ease-in-out;
  transition-timing-function: ease-in-out;
  width: 100%;
}

.c16:hover {
  box-shadow: 0px 0px 0px 2px #7D4CDB;
}

.c16:focus {
  outline: none;
  box-shadow: 0 0 2px 2px #6FFFB0;
}

.c16:focus > circle,
.c16:focus > ellipse,
.c16:focus > line,
.c16:focus > path,
.c16:focus > polygon,
.c16:focus > polyline,
.c16:focus > rect {
  outline: none;
  box-shadow: 0 0 2px 2px #6FFFB0;
}

.c16:focus::-moz-focus-inner {
  border: 0;
}

.c16:focus:not(:focus-visible) {
  outline: none;
  box-shadow: none;
}

.c16:focus:not(:focus-visible) > circle,
.c16:focus:not(:focus-visible) > ellipse,
.c16:focus:not(:focus-visible) > line,
.c16:focus:not(:focus-visible) > path,
.c16:focus:not(:focus-visible) > polygon,
.c16:focus:not(:focus-visible) > polyline,
.c16:focus:not(:focus-visible) > rect {
  outline: none;
  box-shadow: none;
}

.c16:focus:not(:focus-visible)::-moz-focus-inner {
  border: 0;
}

.c1 {
  margin-bottom: 48px;
  font-size: 26px;
  line-height: 32px;
  max-width: 624px;
  font-weight: 600;
}

.c10 {
  display: -webkit-box;
  display: -webkit-flex;
  display: -ms-flexbox;
  display: flex;
  -webkit-flex-direction: row;
  -ms-flex-direction: row;
  flex-direction: row;
  -webkit-align-items: center;
  -webkit-box-align: center;
  -ms-flex-align: center;
  align-items: center;
  -webkit-user-select: none;
  -moz-user-select: none;
  -ms-user-select: none;
  user-select: none;
  width: -webkit-fit-content;
  width: -moz-fit-content;
  width: fit-content;
  cursor: pointer;
}

.c10:hover input:not([disabled]) + div,
.c10:hover input:not([disabled]) + span {
  border-color: #000000;
}

.c13 {
  opacity: 0;
  -moz-appearance: none;
  width: 0;
  height: 0;
  margin: 0;
  cursor: pointer;
}

.c13:checked + span > span {
  left: calc( 48px - 24px );
  background: #7D4CDB;
}

.c12 {
  -webkit-flex-shrink: 0;
  -ms-flex-negative: 0;
  flex-shrink: 0;
}

@media only screen and (max-width:768px) {
  .c2 {
    margin-bottom: 24px;
  }
}

@media only screen and (max-width:768px) {
  .c5 {
    margin-bottom: 12px;
  }
}

@media only screen and (max-width:768px) {
  .c8 {
    margin-bottom: 6px;
  }
}

@media only screen and (max-width:768px) {
  .c9 {
    border-bottom: solid 1px rgba(0,0,0,0.33);
  }
}

@media only screen and (max-width:768px) {
  .c9 {
    padding: 6px;
  }
}

@media only screen and (max-width:768px) {
  .c11 {
    margin-right: 6px;
  }
}

@media only screen and (max-width:768px) {
  .c14 {
    border: solid 2px rgba(0,0,0,0.15);
  }
}

@media only screen and (max-width:768px) {
  .c15 {
    margin-bottom: 24px;
  }
}

@media only screen and (max-width:768px) {
  .c1 {
    margin-bottom: 24px;
  }
}

@media only screen and (max-width:768px) {
  .c1 {
    font-size: 18px;
    line-height: 24px;
    max-width: 432px;
  }
}

<div>
  <div
    class="c0"
  >
    <h3
      class="c1"
    >
      Deposit to ParaTime
    </h3>
    <div
      class="c2"
      data-testid="paraTime-content-description"
      style="max-width: 550px;"
    >
      <span
        class="c3"
      >
        You are about to transfer 
        <strong>
          10 ROSE
        </strong>
         tokens into the receiving wallet on the 
        <strong>
          Cipher
        </strong>
          ParaTime: 
        <strong>
          dummyAddress
        </strong>
      </span>
    </div>
    <div
      class="c4"
    >
      <div
        class="c5"
        style="max-width: 450px;"
      >
        <span
          class="c3"
        >
          Please confirm the transferring amount and the receiving wallet's address are correct and then click "Deposit" to make the transfer.
        </span>
      </div>
      <div
        class="c6"
      />
      <form>
        <div
          class="c7"
        >
          <div
            class="c8 "
          >
            <div
              class="c9 FormField__FormFieldContentBox-sc-m9hood-1"
            >
              <label
                class="c10"
                label="I confirm the amount and the address are correct"
              >
                <div
                  class="c11 c12"
                >
                  <input
                    class="c13"
                    name="confirmation"
                    type="checkbox"
                  />
                  <div
                    class="c14 "
                  />
                </div>
                <span>
                  I confirm the amount and the address are correct
                </span>
              </label>
            </div>
          </div>
        </div>
        <div
          class="c15"
        >
          <div
            class="c5"
          >
            <button
              class="c16"
              type="submit"
            >
              Deposit
            </button>
          </div>
        </div>
        <span
          class="c17"
        >
          * EVMc - Ethereum Virtual Machine compatible
        </span>
      </form>
    </div>
  </div>
</div>
`;
