// Jest Snapshot v1, https://goo.gl/fbAQLP

exports[`<MultiAccountsSelectionModal  /> should match snapshot 1`] = `
.c5 {
  display: -webkit-box;
  display: -webkit-flex;
  display: -ms-flexbox;
  display: flex;
  box-sizing: border-box;
  max-width: 100%;
  min-width: 0;
  min-height: 0;
  -webkit-flex-direction: column;
  -ms-flex-direction: column;
  flex-direction: column;
  width: 750px;
  padding: 24px;
}

.c7 {
  display: -webkit-box;
  display: -webkit-flex;
  display: -ms-flexbox;
  display: flex;
  box-sizing: border-box;
  max-width: 100%;
  -webkit-align-self: flex-end;
  -ms-flex-item-align: end;
  align-self: flex-end;
  min-width: 0;
  min-height: 0;
  -webkit-flex-direction: row;
  -ms-flex-direction: row;
  flex-direction: row;
  padding-top: 48px;
}

.c9 {
  -webkit-flex: 0 0 auto;
  -ms-flex: 0 0 auto;
  flex: 0 0 auto;
  -webkit-align-self: stretch;
  -ms-flex-item-align: stretch;
  align-self: stretch;
  width: 12px;
}

.c8 {
  display: inline-block;
  box-sizing: border-box;
  cursor: pointer;
  font: inherit;
  -webkit-text-decoration: none;
  text-decoration: none;
  margin: 0;
  background: transparent;
  overflow: visible;
  text-transform: none;
  border: 2px solid #0092f6;
  border-radius: 4px;
  color: #444444;
  padding: 4px 22px;
  font-size: 18px;
  line-height: 24px;
  opacity: 0.3;
  cursor: default;
  -webkit-transition-property: color,background-color,border-color,box-shadow;
  transition-property: color,background-color,border-color,box-shadow;
  -webkit-transition-duration: 0.1s;
  transition-duration: 0.1s;
  -webkit-transition-timing-function: ease-in-out;
  transition-timing-function: ease-in-out;
  font-weight: bold;
}

.c8:focus {
  outline: none;
  box-shadow: 0 0 2px 2px #6FFFB0;
}

.c8:focus > circle,
.c8:focus > ellipse,
.c8:focus > line,
.c8:focus > path,
.c8:focus > polygon,
.c8:focus > polyline,
.c8:focus > rect {
  outline: none;
  box-shadow: 0 0 2px 2px #6FFFB0;
}

.c8:focus::-moz-focus-inner {
  border: 0;
}

.c8:focus:not(:focus-visible) {
  outline: none;
  box-shadow: none;
}

.c8:focus:not(:focus-visible) > circle,
.c8:focus:not(:focus-visible) > ellipse,
.c8:focus:not(:focus-visible) > line,
.c8:focus:not(:focus-visible) > path,
.c8:focus:not(:focus-visible) > polygon,
.c8:focus:not(:focus-visible) > polyline,
.c8:focus:not(:focus-visible) > rect {
  outline: none;
  box-shadow: none;
}

.c8:focus:not(:focus-visible)::-moz-focus-inner {
  border: 0;
}

.c10 {
  display: inline-block;
  box-sizing: border-box;
  cursor: pointer;
  font: inherit;
  -webkit-text-decoration: none;
  text-decoration: none;
  margin: 0;
  background: transparent;
  overflow: visible;
  text-transform: none;
  -webkit-align-self: flex-end;
  -ms-flex-item-align: end;
  align-self: flex-end;
  border: 2px solid #0092f6;
  border-radius: 4px;
  color: #444444;
  padding: 4px 22px;
  font-size: 18px;
  line-height: 24px;
  background-color: #0092f6;
  color: #f8f8f8;
  border-radius: 4px;
  opacity: 0.3;
  cursor: default;
  -webkit-transition-property: color,background-color,border-color,box-shadow;
  transition-property: color,background-color,border-color,box-shadow;
  -webkit-transition-duration: 0.1s;
  transition-duration: 0.1s;
  -webkit-transition-timing-function: ease-in-out;
  transition-timing-function: ease-in-out;
  font-weight: bold;
}

.c10:focus {
  outline: none;
  box-shadow: 0 0 2px 2px #6FFFB0;
}

.c10:focus > circle,
.c10:focus > ellipse,
.c10:focus > line,
.c10:focus > path,
.c10:focus > polygon,
.c10:focus > polyline,
.c10:focus > rect {
  outline: none;
  box-shadow: 0 0 2px 2px #6FFFB0;
}

.c10:focus::-moz-focus-inner {
  border: 0;
}

.c10:focus:not(:focus-visible) {
  outline: none;
  box-shadow: none;
}

.c10:focus:not(:focus-visible) > circle,
.c10:focus:not(:focus-visible) > ellipse,
.c10:focus:not(:focus-visible) > line,
.c10:focus:not(:focus-visible) > path,
.c10:focus:not(:focus-visible) > polygon,
.c10:focus:not(:focus-visible) > polyline,
.c10:focus:not(:focus-visible) > rect {
  outline: none;
  box-shadow: none;
}

.c10:focus:not(:focus-visible)::-moz-focus-inner {
  border: 0;
}

.c6 {
  margin-top: 0px;
  margin-bottom: 24px;
  font-size: 1;
  line-height: normal;
  max-width: 1200px;
  font-weight: 600;
}

.c0 {
  font-family: Rubik;
  font-size: 18px;
  line-height: 24px;
  background-color: #ffffff;
  color: #444444;
  box-sizing: border-box;
  -webkit-text-size-adjust: 100%;
  -ms-text-size-adjust: 100%;
  -moz-osx-font-smoothing: grayscale;
  -webkit-font-smoothing: antialiased;
}

.c1 {
  font-family: Rubik;
  font-size: 18px;
  line-height: 24px;
  background-color: #ffffff;
  color: #444444;
  box-sizing: border-box;
  -webkit-text-size-adjust: 100%;
  -ms-text-size-adjust: 100%;
  -moz-osx-font-smoothing: grayscale;
  -webkit-font-smoothing: antialiased;
  background: transparent;
  position: relative;
  z-index: 20;
  pointer-events: none;
  outline: none;
  position: fixed;
  top: 0px;
  left: 0px;
  right: 0px;
  bottom: 0px;
}

.c2 {
  position: absolute;
  top: 0px;
  left: 0px;
  right: 0px;
  bottom: 0px;
  background-color: rgba(0,0,0,0.5);
  color: #f8f8f8;
  pointer-events: all;
  will-change: transform;
}

.c3 {
  display: -webkit-box;
  display: -webkit-flex;
  display: -ms-flexbox;
  display: flex;
  -webkit-flex-direction: column;
  -ms-flex-direction: column;
  flex-direction: column;
  min-height: 48px;
  background-color: #FFFFFF;
  color: #444444;
  outline: none;
  pointer-events: all;
  z-index: 20;
  position: absolute;
  max-height: calc(100% - 0px - 0px);
  max-width: calc(100% - 0px - 0px);
  border-radius: 4px;
  top: 50%;
  left: 50%;
  -webkit-transform: translate(-50%,-50%);
  -ms-transform: translate(-50%,-50%);
  transform: translate(-50%,-50%);
  -webkit-animation: hWAzxx 0.2s ease-in-out forwards;
  animation: hWAzxx 0.2s ease-in-out forwards;
}

.c4 {
  width: 0;
  height: 0;
  overflow: hidden;
  position: absolute;
}

@media only screen and (max-width:768px) {
  .c5 {
    padding: 12px;
  }
}

@media only screen and (max-width:768px) {
  .c7 {
    padding-top: 24px;
  }
}

@media only screen and (max-width:768px) {
  .c9 {
    width: 6px;
  }
}

@media only screen and (max-width:768px) {
  .c6 {
    margin-top: 0px;
  }
}

@media only screen and (max-width:768px) {
  .c6 {
    margin-bottom: 12px;
  }
}

@media only screen and (max-width:768px) {
  .c1 {
    position: fixed;
    width: 100%;
    height: 100%;
    min-height: 100vh;
  }
}

@media only screen and (max-width:768px) {
  .c2 {
    position: relative;
  }
}

@media only screen and (max-width:768px) {
  .c3 {
    position: relative;
    max-height: none;
    max-width: none;
    border-radius: 0;
    height: 100vh;
    width: 100vw;
  }
}

<body
  style=""
>
  <div>
    <div
      class="c0"
      style="min-height: 100vh;"
    />
  </div>
  <div>
    <div
      aria-hidden="false"
    >
      <div
        class="c1"
        tabindex="-1"
      >
        <div
          class="c2"
        />
        <div
          class="c3"
          data-g-portal-id="0"
          style="overflow-y: auto;"
        >
          <a
            aria-hidden="true"
            class="c4"
            tabindex="-1"
          />
          <div>
            <div
              class="c5"
            >
              <h1
                class="c6"
                size="1"
              >
                openWallet.multiaccounts.selectWallets
              </h1>
              <div
                class="c7"
              >
                <button
                  class="c8"
                  disabled=""
                  type="button"
                >
                  common.cancel
                </button>
                <div
                  class="c9"
                />
                <button
                  class="c10"
                  data-testid="ledger-open-accounts"
                  disabled=""
                  type="button"
                >
                  openWallet.multiaccounts.openWallets
                </button>
              </div>
            </div>
          </div>
        </div>
      </div>
    </div>
  </div>
</body>
`;
