// Jest Snapshot v1, https://goo.gl/fbAQLP

exports[`<CreateWalletPage  /> should match snapshot 1`] = `
.c12 {
  display: inline-block;
  -webkit-flex: 0 0 auto;
  -ms-flex: 0 0 auto;
  flex: 0 0 auto;
  width: 24px;
  height: 24px;
  fill: #f8f8f8;
  stroke: #f8f8f8;
}

.c12 g {
  fill: inherit;
  stroke: inherit;
}

.c12 *:not([stroke])[fill="none"] {
  stroke-width: 0;
}

.c12 *[stroke*="#"],
.c12 *[STROKE*="#"] {
  stroke: inherit;
  fill: none;
}

.c12 *[fill-rule],
.c12 *[FILL-RULE],
.c12 *[fill*="#"],
.c12 *[FILL*="#"] {
  fill: inherit;
  stroke: none;
}

.c2 {
  display: -webkit-box;
  display: -webkit-flex;
  display: -ms-flexbox;
  display: flex;
  box-sizing: border-box;
  max-width: 100%;
  background-color: #FFFFFF;
  color: #444444;
  min-width: 0;
  min-height: 0;
  -webkit-flex-direction: column;
  -ms-flex-direction: column;
  flex-direction: column;
}

.c8 {
  display: -webkit-box;
  display: -webkit-flex;
  display: -ms-flexbox;
  display: flex;
  box-sizing: border-box;
  max-width: 100%;
  margin: 6px;
  background: #11111108;
  min-width: 0;
  min-height: 0;
  -webkit-flex-direction: column;
  -ms-flex-direction: column;
  flex-direction: column;
  padding: 12px;
}

.c9 {
  display: -webkit-box;
  display: -webkit-flex;
  display: -ms-flexbox;
  display: flex;
  box-sizing: border-box;
  max-width: 100%;
  margin-top: 24px;
  min-width: 0;
  min-height: 0;
  -webkit-flex-direction: row;
  -ms-flex-direction: row;
  flex-direction: row;
  -webkit-box-pack: end;
  -webkit-justify-content: flex-end;
  -ms-flex-pack: end;
  justify-content: flex-end;
}

.c11 {
  display: -webkit-box;
  display: -webkit-flex;
  display: -ms-flexbox;
  display: flex;
  box-sizing: border-box;
  max-width: 100%;
  -webkit-align-items: center;
  -webkit-box-align: center;
  -ms-flex-align: center;
  align-items: center;
  min-width: 0;
  min-height: 0;
  -webkit-flex-direction: row;
  -ms-flex-direction: row;
  flex-direction: row;
  -webkit-box-pack: center;
  -webkit-justify-content: center;
  -ms-flex-pack: center;
  justify-content: center;
}

.c14 {
  display: -webkit-box;
  display: -webkit-flex;
  display: -ms-flexbox;
  display: flex;
  box-sizing: border-box;
  max-width: 100%;
  background-color: #FFFFFF;
  color: #444444;
  min-width: 0;
  min-height: 0;
  -webkit-flex-direction: column;
  -ms-flex-direction: column;
  flex-direction: column;
  padding-top: 12px;
  padding-bottom: 12px;
  padding-left: 12px;
  padding-right: 12px;
  border-radius: 5px;
}

.c16 {
  display: -webkit-box;
  display: -webkit-flex;
  display: -ms-flexbox;
  display: flex;
  box-sizing: border-box;
  max-width: 100%;
  margin-top: 12px;
  margin-bottom: 12px;
  min-width: 0;
  min-height: 0;
  -webkit-flex-direction: column;
  -ms-flex-direction: column;
  flex-direction: column;
  width: 100%;
  -webkit-box-pack: space-evenly;
  -webkit-justify-content: space-evenly;
  -ms-flex-pack: space-evenly;
  justify-content: space-evenly;
}

.c18 {
  display: -webkit-box;
  display: -webkit-flex;
  display: -ms-flexbox;
  display: flex;
  box-sizing: border-box;
  max-width: 100%;
  background-color: rgba(244,206,75,0.25);
  border-left: solid 3px #f4ce4b;
  min-width: 0;
  min-height: 0;
  -webkit-flex-direction: column;
  -ms-flex-direction: column;
  flex-direction: column;
  padding: 6px;
}

.c20 {
  display: -webkit-box;
  display: -webkit-flex;
  display: -ms-flexbox;
  display: flex;
  box-sizing: border-box;
  max-width: 100%;
  min-width: 0;
  min-height: 0;
  -webkit-flex-direction: column;
  -ms-flex-direction: column;
  flex-direction: column;
  padding-top: 24px;
  padding-bottom: 24px;
}

.c22 {
  display: -webkit-box;
  display: -webkit-flex;
  display: -ms-flexbox;
  display: flex;
  box-sizing: border-box;
  max-width: 100%;
  margin-right: 12px;
  -webkit-align-items: center;
  -webkit-box-align: center;
  -ms-flex-align: center;
  align-items: center;
  min-width: 0;
  min-height: 0;
  -webkit-flex-direction: column;
  -ms-flex-direction: column;
  flex-direction: column;
  -webkit-box-pack: center;
  -webkit-justify-content: center;
  -ms-flex-pack: center;
  justify-content: center;
}

.c25 {
  display: -webkit-box;
  display: -webkit-flex;
  display: -ms-flexbox;
  display: flex;
  box-sizing: border-box;
  max-width: 100%;
  -webkit-align-items: center;
  -webkit-box-align: center;
  -ms-flex-align: center;
  align-items: center;
  border: solid 2px rgba(0,0,0,0.15);
  min-width: 0;
  min-height: 0;
  -webkit-flex-direction: column;
  -ms-flex-direction: column;
  flex-direction: column;
  height: 24px;
  width: 24px;
  -webkit-box-pack: center;
  -webkit-justify-content: center;
  -ms-flex-pack: center;
  justify-content: center;
  border-radius: 4px;
}

.c26 {
  display: -webkit-box;
  display: -webkit-flex;
  display: -ms-flexbox;
  display: flex;
  box-sizing: border-box;
  max-width: 100%;
  margin-top: 24px;
  min-width: 0;
  min-height: 0;
  -webkit-flex-direction: row;
  -ms-flex-direction: row;
  flex-direction: row;
  -webkit-box-pack: justify;
  -webkit-justify-content: space-between;
  -ms-flex-pack: justify;
  justify-content: space-between;
}

.c4 {
  display: -webkit-box;
  display: -webkit-flex;
  display: -ms-flexbox;
  display: flex;
  box-sizing: border-box;
  max-width: 100%;
  margin: 6px;
  background: #11111108;
  border-bottom: solid 1px rgba(0,0,0,0.33);
  min-width: 0;
  min-height: 0;
  -webkit-flex-direction: row;
  -ms-flex-direction: row;
  flex-direction: row;
  padding: 6px;
}

.c5 {
  display: -webkit-box;
  display: -webkit-flex;
  display: -ms-flexbox;
  display: flex;
  box-sizing: border-box;
  max-width: 100%;
  min-width: 0;
  min-height: 0;
  -webkit-flex-direction: column;
  -ms-flex-direction: column;
  flex-direction: column;
  padding-right: 12px;
}

.c7 {
  display: -webkit-box;
  display: -webkit-flex;
  display: -ms-flexbox;
  display: flex;
  box-sizing: border-box;
  max-width: 100%;
  min-width: 0;
  min-height: 0;
  -webkit-flex-direction: column;
  -ms-flex-direction: column;
  flex-direction: column;
}

.c13 {
  -webkit-flex: 0 0 auto;
  -ms-flex: 0 0 auto;
  flex: 0 0 auto;
  -webkit-align-self: stretch;
  -ms-flex-item-align: stretch;
  align-self: stretch;
  width: 12px;
}

.c17 {
  margin: 0;
  font-size: 18px;
  line-height: 24px;
}

.c19 {
  font-size: 18px;
  line-height: 24px;
  font-weight: bold;
}

.c6 {
  font-size: 18px;
  line-height: 24px;
}

.c10 {
  display: inline-block;
  box-sizing: border-box;
  cursor: pointer;
  font: inherit;
  -webkit-text-decoration: none;
  text-decoration: none;
  margin: 0;
  background: transparent;
  overflow: visible;
  text-transform: none;
  border: 2px solid #0092f6;
  border-radius: 18px;
  color: #444444;
  padding: 4px 22px;
  font-size: 18px;
  line-height: 24px;
  background-color: #0092f6;
  color: #f8f8f8;
  border-radius: 18px;
  -webkit-transition-property: color,background-color,border-color,box-shadow;
  transition-property: color,background-color,border-color,box-shadow;
  -webkit-transition-duration: 0.1s;
  transition-duration: 0.1s;
  -webkit-transition-timing-function: ease-in-out;
  transition-timing-function: ease-in-out;
  font-weight: bold;
}

.c10:hover {
  box-shadow: 0px 0px 0px 2px #0092f6;
}

.c10:focus {
  outline: none;
  box-shadow: 0 0 2px 2px #6FFFB0;
}

.c10:focus > circle,
.c10:focus > ellipse,
.c10:focus > line,
.c10:focus > path,
.c10:focus > polygon,
.c10:focus > polyline,
.c10:focus > rect {
  outline: none;
  box-shadow: 0 0 2px 2px #6FFFB0;
}

.c10:focus::-moz-focus-inner {
  border: 0;
}

.c10:focus:not(:focus-visible) {
  outline: none;
  box-shadow: none;
}

.c10:focus:not(:focus-visible) > circle,
.c10:focus:not(:focus-visible) > ellipse,
.c10:focus:not(:focus-visible) > line,
.c10:focus:not(:focus-visible) > path,
.c10:focus:not(:focus-visible) > polygon,
.c10:focus:not(:focus-visible) > polyline,
.c10:focus:not(:focus-visible) > rect {
  outline: none;
  box-shadow: none;
}

.c10:focus:not(:focus-visible)::-moz-focus-inner {
  border: 0;
}

.c27 {
  display: inline-block;
  box-sizing: border-box;
  cursor: pointer;
  font: inherit;
  -webkit-text-decoration: none;
  text-decoration: none;
  margin: 0;
  background: transparent;
  overflow: visible;
  text-transform: none;
  border: 2px solid #0092f6;
  border-radius: 18px;
  color: #444444;
  padding: 4px 22px;
  font-size: 18px;
  line-height: 24px;
  background-color: #0092f6;
  color: #f8f8f8;
  border-radius: 18px;
  opacity: 0.3;
  cursor: default;
  -webkit-transition-property: color,background-color,border-color,box-shadow;
  transition-property: color,background-color,border-color,box-shadow;
  -webkit-transition-duration: 0.1s;
  transition-duration: 0.1s;
  -webkit-transition-timing-function: ease-in-out;
  transition-timing-function: ease-in-out;
  font-weight: bold;
}

.c27:focus {
  outline: none;
  box-shadow: 0 0 2px 2px #6FFFB0;
}

.c27:focus > circle,
.c27:focus > ellipse,
.c27:focus > line,
.c27:focus > path,
.c27:focus > polygon,
.c27:focus > polyline,
.c27:focus > rect {
  outline: none;
  box-shadow: 0 0 2px 2px #6FFFB0;
}

.c27:focus::-moz-focus-inner {
  border: 0;
}

.c27:focus:not(:focus-visible) {
  outline: none;
  box-shadow: none;
}

.c27:focus:not(:focus-visible) > circle,
.c27:focus:not(:focus-visible) > ellipse,
.c27:focus:not(:focus-visible) > line,
.c27:focus:not(:focus-visible) > path,
.c27:focus:not(:focus-visible) > polygon,
.c27:focus:not(:focus-visible) > polyline,
.c27:focus:not(:focus-visible) > rect {
  outline: none;
  box-shadow: none;
}

.c27:focus:not(:focus-visible)::-moz-focus-inner {
  border: 0;
}

.c15 {
  margin: 0;
  font-size: 34px;
  line-height: 40px;
  max-width: 816px;
  font-weight: 600;
}

.c21 {
  display: -webkit-box;
  display: -webkit-flex;
  display: -ms-flexbox;
  display: flex;
  -webkit-flex-direction: row;
  -ms-flex-direction: row;
  flex-direction: row;
  -webkit-align-items: center;
  -webkit-box-align: center;
  -ms-flex-align: center;
  align-items: center;
  -webkit-user-select: none;
  -moz-user-select: none;
  -ms-user-select: none;
  user-select: none;
  width: -webkit-fit-content;
  width: -moz-fit-content;
  width: fit-content;
  cursor: pointer;
}

.c21:hover input:not([disabled]) + div,
.c21:hover input:not([disabled]) + span {
  border-color: #000000;
}

.c24 {
  opacity: 0;
  -moz-appearance: none;
  width: 0;
  height: 0;
  margin: 0;
  cursor: pointer;
}

.c24:checked + span > span {
  left: calc( 48px - 24px );
  background: #0092f6;
}

.c23 {
  -webkit-flex-shrink: 0;
  -ms-flex-negative: 0;
  flex-shrink: 0;
}

.c3 {
  display: grid;
  box-sizing: border-box;
  grid-template-columns: repeat( auto-fill,minmax(14ch,1fr) );
}

.c1 {
  display: grid;
  box-sizing: border-box;
  grid-template-columns: auto;
  grid-gap: 12px 12px;
  padding: 12px;
}

.c0 {
  font-family: Rubik;
  font-size: 18px;
  line-height: 24px;
  background-color: #ffffff;
  color: #444444;
  box-sizing: border-box;
  -webkit-text-size-adjust: 100%;
  -ms-text-size-adjust: 100%;
  -moz-osx-font-smoothing: grayscale;
  -webkit-font-smoothing: antialiased;
}

@media only screen and (max-width:768px) {
  .c8 {
    margin: 3px;
  }
}

@media only screen and (max-width:768px) {
  .c8 {
    padding: 6px;
  }
}

@media only screen and (max-width:768px) {
  .c9 {
    margin-top: 12px;
  }
}

@media only screen and (max-width:768px) {
  .c14 {
    padding-top: 6px;
    padding-bottom: 6px;
  }
}

@media only screen and (max-width:768px) {
  .c14 {
    padding-left: 6px;
  }
}

@media only screen and (max-width:768px) {
  .c14 {
    padding-right: 6px;
  }
}

@media only screen and (max-width:768px) {
  .c16 {
    margin-top: 6px;
    margin-bottom: 6px;
  }
}

@media only screen and (max-width:768px) {
  .c18 {
    border-left: solid 3px #f4ce4b;
  }
}

@media only screen and (max-width:768px) {
  .c18 {
    padding: 3px;
  }
}

@media only screen and (max-width:768px) {
  .c20 {
    padding-top: 12px;
    padding-bottom: 12px;
  }
}

@media only screen and (max-width:768px) {
  .c22 {
    margin-right: 6px;
  }
}

@media only screen and (max-width:768px) {
  .c25 {
    border: solid 2px rgba(0,0,0,0.15);
  }
}

@media only screen and (max-width:768px) {
  .c26 {
    margin-top: 12px;
  }
}

@media only screen and (max-width:768px) {
  .c4 {
    margin: 3px;
  }
}

@media only screen and (max-width:768px) {
  .c4 {
    border-bottom: solid 1px rgba(0,0,0,0.33);
  }
}

@media only screen and (max-width:768px) {
  .c4 {
    padding: 3px;
  }
}

@media only screen and (max-width:768px) {
  .c5 {
    padding-right: 6px;
  }
}

@media only screen and (max-width:768px) {
  .c15 {
    margin: 0;
  }
}

@media only screen and (max-width:768px) {
  .c15 {
    font-size: 26px;
    line-height: 32px;
    max-width: 624px;
  }
}

@media only screen and (max-width:768px) {

}

@media only screen and (max-width:768px) {
  .c1 {
    padding: 6px;
  }
}

<div
  class="c0"
  style="min-height: 100vh;"
>
  <div
    class="c1"
  >
    <div
      class="c2"
    >
      <span
        class="notranslate"
        translate="no"
      >
        <div
          class="c3"
          data-testid="mnemonic-grid"
        >
          <div
            class="c4"
          >
            <div
              class="c5"
            >
              <span
                class="c6"
                style="user-select: none;"
              >
                1
                .
              </span>
            </div>
            <div
              class="c7"
            >
              <span
                class="notranslate"
                translate="no"
              >
                <strong
                  style="white-space: pre;"
                >
                  test
                </strong>
              </span>
            </div>
          </div>
          <div
            class="c4"
          >
            <div
              class="c5"
            >
              <span
                class="c6"
                style="user-select: none;"
              >
                2
                .
              </span>
            </div>
            <div
              class="c7"
            >
              <span
                class="notranslate"
                translate="no"
              >
                <strong
                  style="white-space: pre;"
                >
                  test
                </strong>
              </span>
            </div>
          </div>
          <div
            class="c4"
          >
            <div
              class="c5"
            >
              <span
                class="c6"
                style="user-select: none;"
              >
                3
                .
              </span>
            </div>
            <div
              class="c7"
            >
              <span
                class="notranslate"
                translate="no"
              >
                <strong
                  style="white-space: pre;"
                >
                  test
                </strong>
              </span>
            </div>
          </div>
          <div
            class="c4"
          >
            <div
              class="c5"
            >
              <span
                class="c6"
                style="user-select: none;"
              >
                4
                .
              </span>
            </div>
            <div
              class="c7"
            >
              <span
                class="notranslate"
                translate="no"
              >
                <strong
                  style="white-space: pre;"
                >
                  test
                </strong>
              </span>
            </div>
          </div>
          <div
            class="c4"
          >
            <div
              class="c5"
            >
              <span
                class="c6"
                style="user-select: none;"
              >
                5
                .
              </span>
            </div>
            <div
              class="c7"
            >
              <span
                class="notranslate"
                translate="no"
              >
                <strong
                  style="white-space: pre;"
                >
                  test
                </strong>
              </span>
            </div>
          </div>
          <div
            class="c4"
          >
            <div
              class="c5"
            >
              <span
                class="c6"
                style="user-select: none;"
              >
                6
                .
              </span>
            </div>
            <div
              class="c7"
            >
              <span
                class="notranslate"
                translate="no"
              >
                <strong
                  style="white-space: pre;"
                >
                  test
                </strong>
              </span>
            </div>
          </div>
          <div
            class="c4"
          >
            <div
              class="c5"
            >
              <span
                class="c6"
                style="user-select: none;"
              >
                7
                .
              </span>
            </div>
            <div
              class="c7"
            >
              <span
                class="notranslate"
                translate="no"
              >
                <strong
                  style="white-space: pre;"
                >
                  test
                </strong>
              </span>
            </div>
          </div>
          <div
            class="c4"
          >
            <div
              class="c5"
            >
              <span
                class="c6"
                style="user-select: none;"
              >
                8
                .
              </span>
            </div>
            <div
              class="c7"
            >
              <span
                class="notranslate"
                translate="no"
              >
                <strong
                  style="white-space: pre;"
                >
                  test
                </strong>
              </span>
            </div>
          </div>
          <div
            class="c4"
          >
            <div
              class="c5"
            >
              <span
                class="c6"
                style="user-select: none;"
              >
                9
                .
              </span>
            </div>
            <div
              class="c7"
            >
              <span
                class="notranslate"
                translate="no"
              >
                <strong
                  style="white-space: pre;"
                >
                  test
                </strong>
              </span>
            </div>
          </div>
          <div
            class="c4"
          >
            <div
              class="c5"
            >
              <span
                class="c6"
                style="user-select: none;"
              >
                10
                .
              </span>
            </div>
            <div
              class="c7"
            >
              <span
                class="notranslate"
                translate="no"
              >
                <strong
                  style="white-space: pre;"
                >
                  test
                </strong>
              </span>
            </div>
          </div>
          <div
            class="c4"
          >
            <div
              class="c5"
            >
              <span
                class="c6"
                style="user-select: none;"
              >
                11
                .
              </span>
            </div>
            <div
              class="c7"
            >
              <span
                class="notranslate"
                translate="no"
              >
                <strong
                  style="white-space: pre;"
                >
                  test
                </strong>
              </span>
            </div>
          </div>
          <div
            class="c4"
          >
            <div
              class="c5"
            >
              <span
                class="c6"
                style="user-select: none;"
              >
                12
                .
              </span>
            </div>
            <div
              class="c7"
            >
              <span
                class="notranslate"
                translate="no"
              >
                <strong
                  style="white-space: pre;"
                >
                  test
                </strong>
              </span>
            </div>
          </div>
          <div
            class="c4"
          >
            <div
              class="c5"
            >
              <span
                class="c6"
                style="user-select: none;"
              >
                13
                .
              </span>
            </div>
            <div
              class="c7"
            >
              <span
                class="notranslate"
                translate="no"
              >
                <strong
                  style="white-space: pre;"
                >
                  test
                </strong>
              </span>
            </div>
          </div>
          <div
            class="c4"
          >
            <div
              class="c5"
            >
              <span
                class="c6"
                style="user-select: none;"
              >
                14
                .
              </span>
            </div>
            <div
              class="c7"
            >
              <span
                class="notranslate"
                translate="no"
              >
                <strong
                  style="white-space: pre;"
                >
                  test
                </strong>
              </span>
            </div>
          </div>
          <div
            class="c4"
          >
            <div
              class="c5"
            >
              <span
                class="c6"
                style="user-select: none;"
              >
                15
                .
              </span>
            </div>
            <div
              class="c7"
            >
              <span
                class="notranslate"
                translate="no"
              >
                <strong
                  style="white-space: pre;"
                >
                  test
                </strong>
              </span>
            </div>
          </div>
          <div
            class="c4"
          >
            <div
              class="c5"
            >
              <span
                class="c6"
                style="user-select: none;"
              >
                16
                .
              </span>
            </div>
            <div
              class="c7"
            >
              <span
                class="notranslate"
                translate="no"
              >
                <strong
                  style="white-space: pre;"
                >
                  test
                </strong>
              </span>
            </div>
          </div>
          <div
            class="c4"
          >
            <div
              class="c5"
            >
              <span
                class="c6"
                style="user-select: none;"
              >
                17
                .
              </span>
            </div>
            <div
              class="c7"
            >
              <span
                class="notranslate"
                translate="no"
              >
                <strong
                  style="white-space: pre;"
                >
                  test
                </strong>
              </span>
            </div>
          </div>
          <div
            class="c4"
          >
            <div
              class="c5"
            >
              <span
                class="c6"
                style="user-select: none;"
              >
                18
                .
              </span>
            </div>
            <div
              class="c7"
            >
              <span
                class="notranslate"
                translate="no"
              >
                <strong
                  style="white-space: pre;"
                >
                  test
                </strong>
              </span>
            </div>
          </div>
          <div
            class="c4"
          >
            <div
              class="c5"
            >
              <span
                class="c6"
                style="user-select: none;"
              >
                19
                .
              </span>
            </div>
            <div
              class="c7"
            >
              <span
                class="notranslate"
                translate="no"
              >
                <strong
                  style="white-space: pre;"
                >
                  test
                </strong>
              </span>
            </div>
          </div>
          <div
            class="c4"
          >
            <div
              class="c5"
            >
              <span
                class="c6"
                style="user-select: none;"
              >
                20
                .
              </span>
            </div>
            <div
              class="c7"
            >
              <span
                class="notranslate"
                translate="no"
              >
                <strong
                  style="white-space: pre;"
                >
                  test
                </strong>
              </span>
            </div>
          </div>
          <div
            class="c4"
          >
            <div
              class="c5"
            >
              <span
                class="c6"
                style="user-select: none;"
              >
                21
                .
              </span>
            </div>
            <div
              class="c7"
            >
              <span
                class="notranslate"
                translate="no"
              >
                <strong
                  style="white-space: pre;"
                >
                  test
                </strong>
              </span>
            </div>
          </div>
          <div
            class="c4"
          >
            <div
              class="c5"
            >
              <span
                class="c6"
                style="user-select: none;"
              >
                22
                .
              </span>
            </div>
            <div
              class="c7"
            >
              <span
                class="notranslate"
                translate="no"
              >
                <strong
                  style="white-space: pre;"
                >
                  test
                </strong>
              </span>
            </div>
          </div>
          <div
            class="c4"
          >
            <div
              class="c5"
            >
              <span
                class="c6"
                style="user-select: none;"
              >
                23
                .
              </span>
            </div>
            <div
              class="c7"
            >
              <span
                class="notranslate"
                translate="no"
              >
                <strong
                  style="white-space: pre;"
                >
                  test
                </strong>
              </span>
            </div>
          </div>
          <div
            class="c4"
          >
            <div
              class="c5"
            >
              <span
                class="c6"
                style="user-select: none;"
              >
                24
                .
              </span>
            </div>
            <div
              class="c7"
            >
              <span
                class="notranslate"
                translate="no"
              >
                <strong
                  style="white-space: pre;"
                >
                  test
                </strong>
              </span>
            </div>
          </div>
        </div>
      </span>
      <div
        class="c8"
        style="word-spacing: 14px;"
      >
        <span
          class="notranslate"
          translate="no"
        >
          <strong
            data-testid="generated-mnemonic"
          >
            test test test test test test test test test test test test test test test test test test test test test test test test
          </strong>
        </span>
        <div
          class="c9"
        >
          <button
            class="c10"
            style="border-radius: 4px;"
            type="button"
          >
            <div
              class="c11"
            >
              <svg
                aria-label="Refresh"
                class="c12"
                viewBox="0 0 24 24"
              >
                <path
                  d="M20 8c-1.403-2.96-4.463-5-8-5a9 9 0 1 0 0 18 9 9 0 0 0 9-9m0-9v6h-6"
                  fill="none"
                  stroke="#000"
                  stroke-width="2"
                />
              </svg>
              <div
                class="c13"
              />
              createWallet.newMnemonic
            </div>
          </button>
        </div>
      </div>
    </div>
    <div
      class="c14"
    >
      <h2
        class="c15"
      >
        createWallet.thisIsYourPhrase
      </h2>
      <div
        class="c16"
      >
        <span
          class="c17"
        >
          Save your keyphrase 
          <strong>
            in the right order
          </strong>
           in a secure location, you will need it to open your wallet.
        </span>
      </div>
      <div
        class="c18"
      >
        <span
          class="c19"
        >
          createWallet.doNotShare
        </span>
      </div>
      <div
        class="c20"
      >
        <label
          class="c21"
          label="createWallet.confirmSaved"
        >
          <div
            class="c22 c23"
          >
            <input
              class="c24"
              type="checkbox"
            />
            <div
              class="c25 "
            />
          </div>
          <span>
            createWallet.confirmSaved
          </span>
        </label>
        <div
          class="c26"
        >
          <button
            class="c27"
            disabled=""
            style="border-radius: 4px;"
            type="submit"
          >
            openWallet.mnemonic.open
          </button>
        </div>
      </div>
    </div>
  </div>
</div>
`;
