// Jest Snapshot v1, https://goo.gl/fbAQLP

exports[`<FromMnemonic/> should match snapshot 1`] = `
.c1 {
  display: -webkit-box;
  display: -webkit-flex;
  display: -ms-flexbox;
  display: flex;
  box-sizing: border-box;
  max-width: 100%;
  margin: 12px;
  background-color: #FFFFFF;
  color: #444444;
  border: solid 1px #EDEDED;
  min-width: 0;
  min-height: 0;
  -webkit-flex-direction: column;
  -ms-flex-direction: column;
  flex-direction: column;
  padding: 24px;
  border-radius: 5px;
}

.c3 {
  display: -webkit-box;
  display: -webkit-flex;
  display: -ms-flexbox;
  display: flex;
  box-sizing: border-box;
  max-width: 100%;
  margin-top: 12px;
  margin-bottom: 12px;
  margin-left: 12px;
  margin-right: 48px;
  min-width: 0;
  min-height: 0;
  -webkit-flex-direction: column;
  -ms-flex-direction: column;
  flex-direction: column;
}

.c6 {
  display: -webkit-box;
  display: -webkit-flex;
  display: -ms-flexbox;
  display: flex;
  box-sizing: border-box;
  max-width: 100%;
  min-width: 0;
  min-height: 0;
  -webkit-flex-direction: column;
  -ms-flex-direction: column;
  flex-direction: column;
}

.c7 {
  display: -webkit-box;
  display: -webkit-flex;
  display: -ms-flexbox;
  display: flex;
  box-sizing: border-box;
  max-width: 100%;
  margin-bottom: 12px;
  min-width: 0;
  min-height: 0;
  -webkit-flex-direction: column;
  -ms-flex-direction: column;
  flex-direction: column;
}

.c8 {
  display: -webkit-box;
  display: -webkit-flex;
  display: -ms-flexbox;
  display: flex;
  box-sizing: border-box;
  max-width: 100%;
  border-bottom: solid 1px rgba(0,0,0,0.33);
  min-width: 0;
  min-height: 0;
  -webkit-flex-direction: column;
  -ms-flex-direction: column;
  flex-direction: column;
}

.c10 {
  display: -webkit-box;
  display: -webkit-flex;
  display: -ms-flexbox;
  display: flex;
  box-sizing: border-box;
  max-width: 100%;
  margin-top: 24px;
  min-width: 0;
  min-height: 0;
  -webkit-flex-direction: row;
  -ms-flex-direction: row;
  flex-direction: row;
}

.c12 {
  display: -webkit-box;
  display: -webkit-flex;
  display: -ms-flexbox;
  display: flex;
  box-sizing: border-box;
  max-width: 100%;
  background: #11111108;
  min-width: 0;
  min-height: 0;
  -webkit-flex-direction: column;
  -ms-flex-direction: column;
  flex-direction: column;
}

.c14 {
  display: -webkit-box;
  display: -webkit-flex;
  display: -ms-flexbox;
  display: flex;
  box-sizing: border-box;
  max-width: 100%;
  margin: 6px;
  background: #11111108;
  border-bottom: solid 1px rgba(0,0,0,0.33);
  min-width: 0;
  min-height: 0;
  -webkit-flex-direction: row;
  -ms-flex-direction: row;
  flex-direction: row;
  padding: 6px;
}

.c15 {
  display: -webkit-box;
  display: -webkit-flex;
  display: -ms-flexbox;
  display: flex;
  box-sizing: border-box;
  max-width: 100%;
  min-width: 0;
  min-height: 0;
  -webkit-flex-direction: column;
  -ms-flex-direction: column;
  flex-direction: column;
  padding-right: 12px;
}

.c16 {
  font-size: 18px;
  line-height: 24px;
}

.c11 {
  display: inline-block;
  box-sizing: border-box;
  cursor: pointer;
  font: inherit;
  -webkit-text-decoration: none;
  text-decoration: none;
  margin: 0;
  background: transparent;
  overflow: visible;
  text-transform: none;
  border: 2px solid #0092f6;
  border-radius: 4px;
  color: #444444;
  padding: 4px 22px;
  font-size: 18px;
  line-height: 24px;
  background-color: #0092f6;
  color: #f8f8f8;
  border-radius: 4px;
  -webkit-transition-property: color,background-color,border-color,box-shadow;
  transition-property: color,background-color,border-color,box-shadow;
  -webkit-transition-duration: 0.1s;
  transition-duration: 0.1s;
  -webkit-transition-timing-function: ease-in-out;
  transition-timing-function: ease-in-out;
  font-weight: bold;
}

.c11:hover {
  box-shadow: 0px 0px 0px 2px #0092f6;
}

.c11:focus {
  outline: none;
  box-shadow: 0 0 2px 2px #6FFFB0;
}

.c11:focus > circle,
.c11:focus > ellipse,
.c11:focus > line,
.c11:focus > path,
.c11:focus > polygon,
.c11:focus > polyline,
.c11:focus > rect {
  outline: none;
  box-shadow: 0 0 2px 2px #6FFFB0;
}

.c11:focus::-moz-focus-inner {
  border: 0;
}

.c11:focus:not(:focus-visible) {
  outline: none;
  box-shadow: none;
}

.c11:focus:not(:focus-visible) > circle,
.c11:focus:not(:focus-visible) > ellipse,
.c11:focus:not(:focus-visible) > line,
.c11:focus:not(:focus-visible) > path,
.c11:focus:not(:focus-visible) > polygon,
.c11:focus:not(:focus-visible) > polyline,
.c11:focus:not(:focus-visible) > rect {
  outline: none;
  box-shadow: none;
}

.c11:focus:not(:focus-visible)::-moz-focus-inner {
  border: 0;
}

.c4 {
  margin: 0;
  font-size: 50px;
  line-height: 56px;
  max-width: 1200px;
  font-weight: 600;
}

.c13 {
  display: grid;
  box-sizing: border-box;
  grid-template-columns: repeat( auto-fill,minmax(14ch,1fr) );
}

.c2 {
  display: grid;
  box-sizing: border-box;
  grid-template-columns: repeat( auto-fill,minmax(100%,1fr) );
  grid-gap: 12px 12px;
  padding: 12px;
}

.c0 {
  font-family: Rubik;
  font-size: 18px;
  line-height: 24px;
  background-color: #ffffff;
  color: #444444;
  box-sizing: border-box;
  -webkit-text-size-adjust: 100%;
  -ms-text-size-adjust: 100%;
  -moz-osx-font-smoothing: grayscale;
  -webkit-font-smoothing: antialiased;
}

.c5 {
  font-size: 18px;
  line-height: 24px;
  max-width: 432px;
}

.c9 {
  box-sizing: border-box;
  font-size: inherit;
  font-family: inherit;
  border: none;
  -webkit-appearance: none;
  background: transparent;
  color: inherit;
  width: 100%;
  padding: 11px;
  font-weight: 600;
  margin: 0;
  font-size: 18px;
  line-height: 24px;
  border: 1px solid rgba(0,0,0,0.33);
  border-radius: 4px;
  height: 100%;
}

.c9:focus {
  outline: none;
  box-shadow: 0 0 2px 2px #6FFFB0;
}

.c9:focus > circle,
.c9:focus > ellipse,
.c9:focus > line,
.c9:focus > path,
.c9:focus > polygon,
.c9:focus > polyline,
.c9:focus > rect {
  outline: none;
  box-shadow: 0 0 2px 2px #6FFFB0;
}

.c9:focus::-moz-focus-inner {
  border: 0;
}

.c9::-webkit-input-placeholder {
  color: #AAAAAA;
}

.c9::-moz-placeholder {
  color: #AAAAAA;
}

.c9:-ms-input-placeholder {
  color: #AAAAAA;
}

.c9::-webkit-search-decoration {
  -webkit-appearance: none;
}

.c9::-moz-focus-inner {
  border: none;
  outline: none;
}

.c9:-moz-placeholder,
.c9::-moz-placeholder {
  opacity: 1;
}

@media only screen and (max-width:768px) {
  .c1 {
    margin: 6px;
  }
}

@media only screen and (max-width:768px) {
  .c1 {
    border: solid 1px #EDEDED;
  }
}

@media only screen and (max-width:768px) {
  .c1 {
    padding: 12px;
  }
}

@media only screen and (max-width:768px) {
  .c3 {
    margin-top: 6px;
    margin-bottom: 6px;
  }
}

@media only screen and (max-width:768px) {
  .c3 {
    margin-left: 6px;
  }
}

@media only screen and (max-width:768px) {
  .c3 {
    margin-right: 24px;
  }
}

@media only screen and (max-width:768px) {
  .c7 {
    margin-bottom: 6px;
  }
}

@media only screen and (max-width:768px) {
  .c8 {
    border-bottom: solid 1px rgba(0,0,0,0.33);
  }
}

@media only screen and (max-width:768px) {
  .c10 {
    margin-top: 12px;
  }
}

@media only screen and (max-width:768px) {
  .c14 {
    margin: 3px;
  }
}

@media only screen and (max-width:768px) {
  .c14 {
    border-bottom: solid 1px rgba(0,0,0,0.33);
  }
}

@media only screen and (max-width:768px) {
  .c14 {
    padding: 3px;
  }
}

@media only screen and (max-width:768px) {
  .c15 {
    padding-right: 6px;
  }
}

@media only screen and (max-width:768px) {
  .c4 {
    margin: 0;
  }
}

@media only screen and (max-width:768px) {
  .c4 {
    font-size: 34px;
    line-height: 40px;
    max-width: 816px;
  }
}

@media only screen and (max-width:768px) {

}

@media only screen and (max-width:768px) {
  .c2 {
    padding: 6px;
  }
}

<div
  class="c0"
  style="min-height: 100vh;"
>
  <div
    class="mocked-framer-motion-div"
  >
    <div
      class="c1"
    >
      <div
        class="c2"
      >
        <div
          class="c3"
        >
          <form>
            <h1
              class="c4"
            >
              openWallet.mnemonic.header
            </h1>
            <p
              class="c5"
            >
              openWallet.mnemonic.instruction
            </p>
            <div
              class="c6"
            >
              <div
                class="c7 "
              >
                <div
                  class="c8 FormField__FormFieldContentBox-sc-m9hood-1"
                >
                  <div
                    class="c6"
                  >
                    <textarea
                      class="c9"
                      data-testid="mnemonic"
                      id="mnemonic"
                      placeholder="openWallet.mnemonic.enterPhraseHere"
                      rows="5"
                    />
                  </div>
                </div>
              </div>
            </div>
            <div
              class="c10"
            >
              <button
                class="c11"
                type="submit"
              >
                openWallet.mnemonic.import
              </button>
            </div>
          </form>
        </div>
        <div
          class="c12"
        >
          <span
            class="notranslate"
            translate="no"
          >
            <div
              class="c13"
              data-testid="mnemonic-grid"
            >
              <div
                class="c14"
              >
                <div
                  class="c15"
                >
                  <span
                    class="c16"
                    style="user-select: none;"
                  >
                    1
                    .
                  </span>
                </div>
                <div
                  class="c6"
                >
                  <span
                    class="notranslate"
                    translate="no"
                  >
                    <strong
                      style="white-space: pre;"
                    />
                  </span>
                </div>
              </div>
            </div>
          </span>
        </div>
      </div>
    </div>
  </div>
</div>
`;
