// Jest Snapshot v1, https://goo.gl/fbAQLP

exports[`<FromPrivateKey  /> should match snapshot 1`] = `
.c10 {
  display: inline-block;
  -webkit-flex: 0 0 auto;
  -ms-flex: 0 0 auto;
  flex: 0 0 auto;
  width: 24px;
  height: 24px;
  fill: #666666;
  stroke: #666666;
}

.c10 g {
  fill: inherit;
  stroke: inherit;
}

.c10 *:not([stroke])[fill="none"] {
  stroke-width: 0;
}

.c10 *[stroke*="#"],
.c10 *[STROKE*="#"] {
  stroke: inherit;
  fill: none;
}

.c10 *[fill-rule],
.c10 *[FILL-RULE],
.c10 *[fill*="#"],
.c10 *[FILL*="#"] {
  fill: inherit;
  stroke: none;
}

.c1 {
  display: -webkit-box;
  display: -webkit-flex;
  display: -ms-flexbox;
  display: flex;
  box-sizing: border-box;
  max-width: 100%;
  margin: 12px;
  background-color: #FFFFFF;
  color: #444444;
  border: solid 1px #EDEDED;
  min-width: 0;
  min-height: 0;
  -webkit-flex-direction: column;
  -ms-flex-direction: column;
  flex-direction: column;
  padding: 24px;
  border-radius: 5px;
}

.c4 {
  display: -webkit-box;
  display: -webkit-flex;
  display: -ms-flexbox;
  display: flex;
  box-sizing: border-box;
  max-width: 100%;
  margin-bottom: 12px;
  border: solid 1px rgba(0,0,0,0.33);
  min-width: 0;
  min-height: 0;
  -webkit-flex-direction: column;
  -ms-flex-direction: column;
  flex-direction: column;
  width: 1152px;
  border-radius: 12px;
}

.c5 {
  display: -webkit-box;
  display: -webkit-flex;
  display: -ms-flexbox;
  display: flex;
  box-sizing: border-box;
  max-width: 100%;
  min-width: 0;
  min-height: 0;
  -webkit-flex-direction: column;
  -ms-flex-direction: column;
  flex-direction: column;
}

.c6 {
  display: -webkit-box;
  display: -webkit-flex;
  display: -ms-flexbox;
  display: flex;
  box-sizing: border-box;
  max-width: 100%;
  -webkit-align-items: center;
  -webkit-box-align: center;
  -ms-flex-align: center;
  align-items: center;
  min-width: 0;
  min-height: 0;
  -webkit-flex-direction: row;
  -ms-flex-direction: row;
  flex-direction: row;
}

.c11 {
  display: -webkit-box;
  display: -webkit-flex;
  display: -ms-flexbox;
  display: flex;
  box-sizing: border-box;
  max-width: 100%;
  min-width: 0;
  min-height: 0;
  -webkit-flex-direction: column;
  -ms-flex-direction: column;
  flex-direction: column;
  padding-top: 24px;
  padding-bottom: 24px;
}

.c12 {
  display: -webkit-box;
  display: -webkit-flex;
  display: -ms-flexbox;
  display: flex;
  box-sizing: border-box;
  max-width: 100%;
  margin-top: 24px;
  min-width: 0;
  min-height: 0;
  -webkit-flex-direction: row;
  -ms-flex-direction: row;
  flex-direction: row;
  -webkit-box-pack: justify;
  -webkit-justify-content: space-between;
  -ms-flex-pack: justify;
  justify-content: space-between;
}

.c9 {
  display: inline-block;
  box-sizing: border-box;
  cursor: pointer;
  font: inherit;
  -webkit-text-decoration: none;
  text-decoration: none;
  margin: 0;
  background: transparent;
  overflow: visible;
  text-transform: none;
  color: inherit;
  outline: none;
  border: none;
  padding: 0;
  text-align: inherit;
  line-height: 0;
  padding: 12px;
}

.c9:focus {
  outline: none;
  box-shadow: 0 0 2px 2px #6FFFB0;
}

.c9:focus > circle,
.c9:focus > ellipse,
.c9:focus > line,
.c9:focus > path,
.c9:focus > polygon,
.c9:focus > polyline,
.c9:focus > rect {
  outline: none;
  box-shadow: 0 0 2px 2px #6FFFB0;
}

.c9:focus::-moz-focus-inner {
  border: 0;
}

.c9:focus:not(:focus-visible) {
  outline: none;
  box-shadow: none;
}

.c9:focus:not(:focus-visible) > circle,
.c9:focus:not(:focus-visible) > ellipse,
.c9:focus:not(:focus-visible) > line,
.c9:focus:not(:focus-visible) > path,
.c9:focus:not(:focus-visible) > polygon,
.c9:focus:not(:focus-visible) > polyline,
.c9:focus:not(:focus-visible) > rect {
  outline: none;
  box-shadow: none;
}

.c9:focus:not(:focus-visible)::-moz-focus-inner {
  border: 0;
}

.c13 {
  display: inline-block;
  box-sizing: border-box;
  cursor: pointer;
  font: inherit;
  -webkit-text-decoration: none;
  text-decoration: none;
  margin: 0;
  background: transparent;
  overflow: visible;
  text-transform: none;
  border: 2px solid #0092f6;
  border-radius: 4px;
  color: #444444;
  padding: 4px 22px;
  font-size: 18px;
  line-height: 24px;
  background-color: #0092f6;
  color: #f8f8f8;
  border-radius: 4px;
  -webkit-transition-property: color,background-color,border-color,box-shadow;
  transition-property: color,background-color,border-color,box-shadow;
  -webkit-transition-duration: 0.1s;
  transition-duration: 0.1s;
  -webkit-transition-timing-function: ease-in-out;
  transition-timing-function: ease-in-out;
  font-weight: bold;
}

.c13:hover {
  box-shadow: 0px 0px 0px 2px #0092f6;
}

.c13:focus {
  outline: none;
  box-shadow: 0 0 2px 2px #6FFFB0;
}

.c13:focus > circle,
.c13:focus > ellipse,
.c13:focus > line,
.c13:focus > path,
.c13:focus > polygon,
.c13:focus > polyline,
.c13:focus > rect {
  outline: none;
  box-shadow: 0 0 2px 2px #6FFFB0;
}

.c13:focus::-moz-focus-inner {
  border: 0;
}

.c13:focus:not(:focus-visible) {
  outline: none;
  box-shadow: none;
}

.c13:focus:not(:focus-visible) > circle,
.c13:focus:not(:focus-visible) > ellipse,
.c13:focus:not(:focus-visible) > line,
.c13:focus:not(:focus-visible) > path,
.c13:focus:not(:focus-visible) > polygon,
.c13:focus:not(:focus-visible) > polyline,
.c13:focus:not(:focus-visible) > rect {
  outline: none;
  box-shadow: none;
}

.c13:focus:not(:focus-visible)::-moz-focus-inner {
  border: 0;
}

.c2 {
  margin: 0;
  font-size: 50px;
  line-height: 56px;
  max-width: 1200px;
  font-weight: 600;
}

.c8 {
  box-sizing: border-box;
  font-size: inherit;
  font-family: inherit;
  border: none;
  -webkit-appearance: none;
  background: transparent;
  color: inherit;
  width: 100%;
  padding: 11px;
  font-weight: 600;
  margin: 0;
  border: 1px solid rgba(0,0,0,0.33);
  border-radius: 4px;
  outline: none;
  border: none;
}

.c8:focus {
  outline: none;
  box-shadow: 0 0 2px 2px #6FFFB0;
}

.c8:focus > circle,
.c8:focus > ellipse,
.c8:focus > line,
.c8:focus > path,
.c8:focus > polygon,
.c8:focus > polyline,
.c8:focus > rect {
  outline: none;
  box-shadow: 0 0 2px 2px #6FFFB0;
}

.c8:focus::-moz-focus-inner {
  border: 0;
}

.c8::-webkit-input-placeholder {
  color: #AAAAAA;
}

.c8::-moz-placeholder {
  color: #AAAAAA;
}

.c8:-ms-input-placeholder {
  color: #AAAAAA;
}

.c8::-webkit-search-decoration {
  -webkit-appearance: none;
}

.c8::-moz-focus-inner {
  border: none;
  outline: none;
}

.c8:-moz-placeholder,
.c8::-moz-placeholder {
  opacity: 1;
}

.c7 {
  position: relative;
  width: 100%;
}

.c0 {
  font-family: Rubik;
  font-size: 18px;
  line-height: 24px;
  background-color: #ffffff;
  color: #444444;
  box-sizing: border-box;
  -webkit-text-size-adjust: 100%;
  -ms-text-size-adjust: 100%;
  -moz-osx-font-smoothing: grayscale;
  -webkit-font-smoothing: antialiased;
}

.c3 {
  font-size: 18px;
  line-height: 24px;
  max-width: 432px;
}

@media only screen and (max-width:768px) {
  .c1 {
    margin: 6px;
  }
}

@media only screen and (max-width:768px) {
  .c1 {
    border: solid 1px #EDEDED;
  }
}

@media only screen and (max-width:768px) {
  .c1 {
    padding: 12px;
  }
}

@media only screen and (max-width:768px) {
  .c4 {
    margin-bottom: 6px;
  }
}

@media only screen and (max-width:768px) {
  .c4 {
    border: solid 1px rgba(0,0,0,0.33);
  }
}

@media only screen and (max-width:768px) {
  .c4 {
    border-radius: 6px;
  }
}

@media only screen and (max-width:768px) {
  .c11 {
    padding-top: 12px;
    padding-bottom: 12px;
  }
}

@media only screen and (max-width:768px) {
  .c12 {
    margin-top: 12px;
  }
}

@media only screen and (max-width:768px) {
  .c2 {
    margin: 0;
  }
}

@media only screen and (max-width:768px) {
  .c2 {
    font-size: 34px;
    line-height: 40px;
    max-width: 816px;
  }
}

<div
  class="c0"
  style="min-height: 100vh;"
>
  <div
    class="mocked-framer-motion-div"
  >
    <div
      class="c1"
    >
      <form>
        <h1
          class="c2"
        >
          openWallet.privateKey.header
        </h1>
        <p
          class="c3"
        >
          <label
            for="privatekey"
          >
            openWallet.privateKey.instruction
          </label>
        </p>
        <div
          class="c4 "
        >
          <div
            class="c5 FormField__FormFieldContentBox-sc-m9hood-1"
          >
            <div
              class="c6"
            >
              <div
                class="c7"
              >
                <input
                  autocomplete="off"
                  class="c8"
                  data-testid="privatekey"
                  id="privatekey"
                  placeholder="openWallet.privateKey.enterPrivateKeyHere"
                  type="password"
                  value=""
                />
              </div>
              <button
                class="c9"
                type="button"
              >
                <svg
                  aria-label="Hide"
                  class="c10"
                  viewBox="0 0 24 24"
                >
                  <path
                    d="M12 17c-2.727 0-6-2.778-6-5s3.273-5 6-5 6 2.778 6 5-3.273 5-6 5zm-1-5a1 1 0 1 0 2 0 1 1 0 0 0-2 0zm9-7L4 19"
                    fill="none"
                    stroke="#000"
                    stroke-width="2"
                  />
                </svg>
              </button>
            </div>
          </div>
        </div>
        <div
          class="c11"
        >
          <div
            class="c12"
          >
            <button
              class="c13"
              type="submit"
            >
              openWallet.mnemonic.import
            </button>
          </div>
        </div>
      </form>
    </div>
  </div>
</div>
`;
