// Jest Snapshot v1, https://goo.gl/fbAQLP

exports[`<TransactionSummary /> should render EVMc withdraw variant component 1`] = `
.c0 {
  display: -webkit-box;
  display: -webkit-flex;
  display: -ms-flexbox;
  display: flex;
  box-sizing: border-box;
  max-width: 100%;
  margin-bottom: 48px;
  min-width: 0;
  min-height: 0;
  -webkit-flex-direction: column;
  -ms-flex-direction: column;
  flex-direction: column;
}

.c1 {
  font-size: 18px;
  line-height: 24px;
  text-align: center;
}

@media only screen and (max-width:768px) {
  .c0 {
    margin-bottom: 24px;
  }
}

@media only screen and (max-width:768px) {

}

@media only screen and (max-width:768px) {

}

@media only screen and (max-width:768px) {

}

@media only screen and (max-width:768px) {

}

<div
  class="c0"
  data-testid="paraTime-content-description"
  style="max-width: 550px;"
>
  <span
    class="c1"
  >
    You have successfully transferred 
    <strong>
      10 ROSE
    </strong>
     tokens from the following wallet on the 
    <strong>
      Emerald
    </strong>
     (EVMc) ParaTime: 
    <strong>
      dummyAddress
    </strong>
  </span>
</div>
`;

exports[`<TransactionSummary /> should render component 1`] = `
.c0 {
  display: -webkit-box;
  display: -webkit-flex;
  display: -ms-flexbox;
  display: flex;
  box-sizing: border-box;
  max-width: 100%;
  -webkit-align-items: center;
  -webkit-box-align: center;
  -ms-flex-align: center;
  align-items: center;
  min-width: 0;
  min-height: 0;
  -webkit-flex-direction: column;
  -ms-flex-direction: column;
  flex-direction: column;
}

.c2 {
  display: -webkit-box;
  display: -webkit-flex;
  display: -ms-flexbox;
  display: flex;
  box-sizing: border-box;
  max-width: 100%;
  margin-bottom: 48px;
  min-width: 0;
  min-height: 0;
  -webkit-flex-direction: column;
  -ms-flex-direction: column;
  flex-direction: column;
}

.c4 {
  display: -webkit-box;
  display: -webkit-flex;
  display: -ms-flexbox;
  display: flex;
  box-sizing: border-box;
  max-width: 100%;
  margin-bottom: 96px;
  -webkit-align-items: center;
  -webkit-box-align: center;
  -ms-flex-align: center;
  align-items: center;
  min-width: 0;
  min-height: 0;
  -webkit-flex-direction: column;
  -ms-flex-direction: column;
  flex-direction: column;
  width: 100%;
}

.c5 {
  display: -webkit-box;
  display: -webkit-flex;
  display: -ms-flexbox;
  display: flex;
  box-sizing: border-box;
  max-width: 100%;
  margin-bottom: 48px;
  -webkit-align-items: center;
  -webkit-box-align: center;
  -ms-flex-align: center;
  align-items: center;
  min-width: 0;
  min-height: 0;
  -webkit-flex-direction: column;
  -ms-flex-direction: column;
  flex-direction: column;
}

.c6 {
  display: -webkit-box;
  display: -webkit-flex;
  display: -ms-flexbox;
  display: flex;
  box-sizing: border-box;
  max-width: 100%;
  margin-bottom: 24px;
  min-width: 0;
  min-height: 0;
  -webkit-flex-direction: column;
  -ms-flex-direction: column;
  flex-direction: column;
}

.c3 {
  font-size: 18px;
  line-height: 24px;
  text-align: center;
}

.c8 {
  font-size: 14px;
  line-height: 20px;
}

.c7 {
  display: inline-block;
  box-sizing: border-box;
  cursor: pointer;
  font: inherit;
  -webkit-text-decoration: none;
  text-decoration: none;
  margin: 0;
  background: transparent;
  overflow: visible;
  text-transform: none;
  border: 2px solid #7D4CDB;
  border-radius: 18px;
  color: #444444;
  padding: 4px 22px;
  font-size: 18px;
  line-height: 24px;
  background-color: #7D4CDB;
  color: #f8f8f8;
  border-radius: 18px;
  -webkit-transition-property: color,background-color,border-color,box-shadow;
  transition-property: color,background-color,border-color,box-shadow;
  -webkit-transition-duration: 0.1s;
  transition-duration: 0.1s;
  -webkit-transition-timing-function: ease-in-out;
  transition-timing-function: ease-in-out;
  width: 100%;
}

.c7:hover {
  box-shadow: 0px 0px 0px 2px #7D4CDB;
}

.c7:focus {
  outline: none;
  box-shadow: 0 0 2px 2px #6FFFB0;
}

.c7:focus > circle,
.c7:focus > ellipse,
.c7:focus > line,
.c7:focus > path,
.c7:focus > polygon,
.c7:focus > polyline,
.c7:focus > rect {
  outline: none;
  box-shadow: 0 0 2px 2px #6FFFB0;
}

.c7:focus::-moz-focus-inner {
  border: 0;
}

.c7:focus:not(:focus-visible) {
  outline: none;
  box-shadow: none;
}

.c7:focus:not(:focus-visible) > circle,
.c7:focus:not(:focus-visible) > ellipse,
.c7:focus:not(:focus-visible) > line,
.c7:focus:not(:focus-visible) > path,
.c7:focus:not(:focus-visible) > polygon,
.c7:focus:not(:focus-visible) > polyline,
.c7:focus:not(:focus-visible) > rect {
  outline: none;
  box-shadow: none;
}

.c7:focus:not(:focus-visible)::-moz-focus-inner {
  border: 0;
}

.c1 {
  margin-bottom: 48px;
  font-size: 26px;
  line-height: 32px;
  max-width: 624px;
  font-weight: 600;
}

@media only screen and (max-width:768px) {
  .c2 {
    margin-bottom: 24px;
  }
}

@media only screen and (max-width:768px) {
  .c5 {
    margin-bottom: 24px;
  }
}

@media only screen and (max-width:768px) {
  .c6 {
    margin-bottom: 12px;
  }
}

@media only screen and (max-width:768px) {
  .c1 {
    margin-bottom: 24px;
  }
}

@media only screen and (max-width:768px) {
  .c1 {
    font-size: 18px;
    line-height: 24px;
    max-width: 432px;
  }
}

<div>
  <div
    class="c0"
  >
    <h3
      class="c1"
    >
      Deposit to ParaTime
    </h3>
    <div
      class="c2"
      data-testid="paraTime-content-description"
      style="max-width: 550px;"
    >
      <span
        class="c3"
      >
        You have successfully transferred 
        <strong>
          10 ROSE
        </strong>
         tokens into the following wallet on the 
        <strong>
          Cipher
        </strong>
          ParaTime: 
        <strong>
          dummyAddress
        </strong>
      </span>
    </div>
    <div
      class="c4"
    >
      <div
        class="c5"
      >
        <div
          class="c6"
        >
          <button
            class="c7"
            type="button"
          >
            Navigate to ParaTimes Transfers
          </button>
        </div>
      </div>
      <span
        class="c8"
      >
        * EVMc - Ethereum Virtual Machine compatible
      </span>
    </div>
  </div>
</div>
`;
