// Jest Snapshot v1, https://goo.gl/fbAQLP

exports[`<App /> should render and match the snapshot 1`] = `
<ModalProvider>
  <Helmet
    defaultTitle="Oasis Wallet"
    defer={true}
    encodeSpecialCharacters={true}
    htmlAttributes={
      {
        "lang": "en-US",
      }
    }
    prioritizeSeoTags={false}
    titleTemplate="%s - Oasis Wallet"
  >
    <meta
      content="A wallet for Oasis"
      name="description"
    />
  </Helmet>
  <Box
    background="background-back"
    direction="row-responsive"
    fill={true}
    style={
      {
        "minHeight": "100vh",
      }
    }
  >
    <Navigation />
    <Box
      flex={true}
      pad={
        {
          "top": undefined,
        }
      }
    >
      <Styled(Main)>
        <FatalErrorHandler />
        <Toolbar />
        <Outlet />
        <Memo />
      </Styled(Main)>
    </Box>
  </Box>
</ModalProvider>
`;
